// Jest Snapshot v1, https://goo.gl/fbAQLP

exports[`App component when rendered renders a header area and top-level routes 1`] = `
<div
  className="app"
>
  <header
    className="app__header"
  >
    <h1
      className="app__title"
    >
      Power Calculator
    </h1>
    <MockLink
      className="app__logo-link"
      to="/"
    >
      <img
        alt="Dishonored 2 logo"
        className="app__logo-graphic"
        sizes="100vw"
        srcSet="660x90.png 660w, 1320x180.png 1320w"
      />
    </MockLink>
  </header>
  <div
    className="app__content"
  >
    <MockLoader
      showError={false}
      showLoader={true}
    >
      <MockSwitch>
        <MockRoute
          exact={true}
          path="/"
        >
          <mock-character-selection />
        </MockRoute>
        <MockRoute
          path="/powers/:characterSlug"
        >
          <mock-power-selection-route-validation />
        </MockRoute>
        <MockRoute>
          <mock-page-not-found />
        </MockRoute>
      </MockSwitch>
    </MockLoader>
  </div>
</div>
`;
