// Jest Snapshot v1, https://goo.gl/fbAQLP

exports[`Button component when rendered renders a Link component with appropriate props and children 1`] = `
<MockLink
  className="button"
  to="/fake-link"
>
  Button Text
</MockLink>
`;
